my cat's name is betty
This is your dog
my dog's name is frank
This is your fish
my fish's name is george
This is your goat
my goat's name is adam
